#-----------------------------------------------------------
# Vivado v2025.2 (64-bit)
# SW Build 6299465 on Fri Nov 14 19:35:11 GMT 2025
# IP Build 6300035 on Fri Nov 14 10:48:45 MST 2025
# SharedData Build 6298862 on Thu Nov 13 04:50:51 MST 2025
# Start of session at: Fri Feb 27 11:18:50 2026
# Process ID         : 15588
# Current directory  : C:/Users/246958/PLD/MPC-PLD/simple_adder_lab2
# Command line       : vivado.exe -gui_launcher_event rodinguilauncherevent17612 C:\Users\246958\PLD\MPC-PLD\simple_adder_lab2\simple_adder_lab2.xpr
# Log file           : C:/Users/246958/PLD/MPC-PLD/simple_adder_lab2/vivado.log
# Journal file       : C:/Users/246958/PLD/MPC-PLD/simple_adder_lab2\vivado.jou
# Running On         : PC-SC660-30
# Platform           : Windows Server 2016 or Windows 10
# Operating System   : 26200
# Processor Detail   : Intel(R) Core(TM) i5-14600K
# CPU Frequency      : 3494 MHz
# CPU Physical cores : 14
# CPU Logical cores  : 20
# Host memory        : 34088 MB
# Swap memory        : 5100 MB
# Total Virtual      : 39188 MB
# Available Virtual  : 27502 MB
#-----------------------------------------------------------
start_gui
open_project C:/Users/246958/PLD/MPC-PLD/simple_adder_lab2/simple_adder_lab2.xpr
